==================================================
SLURM Job ID: 2068518
Job Name: baseline_ref_5_budget_100_max_5
Node: cpu106
Start Time: Mon Jul 21 21:42:58 MDT 2025
==================================================
Working directory: /bsuhome/antonechacartegu/projects/drl-amr/1D-Wave-AMR
Configuration: ref_5_budget_100_max_5
Thresholds: 0.3,0.2,0.1,0.01,0.001,0.0001

Starting baseline evaluation...
Time: Mon Jul 21 21:42:58 MDT 2025
Using multiple thresholds: [0.3, 0.2, 0.1, 0.01, 0.001, 0.0001]
Generating conventional-AMR baseline with threshold 0.3...
Using max refinement level: 0/5
Using max refinement level: 5/5
Time step updated: 1.000000e-02 -> 3.125000e-04
Running conventional-amr evaluation:
  Initial refinement: 5
  Max refinement level: 5
  Element budget: 100
  Time final: 1.0
  Threshold: 0.3
Starting conventional-amr simulation to time 1.0
Initial elements: 128
Using max refinement level: 5/5
Using max refinement level: 5/5
Using max refinement level: 5/5
Using max refinement level: 5/5
Using max refinement level: 5/5
Using max refinement level: 5/5
Using max refinement level: 5/5
Using max refinement level: 5/5
Using max refinement level: 5/5
Using max refinement level: 5/5
Using max refinement level: 5/5
Using max refinement level: 5/5
Using max refinement level: 5/5
Using max refinement level: 5/5
Using max refinement level: 5/5
Using max refinement level: 5/5
Using max refinement level: 5/5
Using max refinement level: 5/5
Using max refinement level: 5/5
Using max refinement level: 5/5
Using max refinement level: 5/5
Using max refinement level: 5/5
Using max refinement level: 5/5
Using max refinement level: 5/5
Using max refinement level: 5/5
Using max refinement level: 5/5
Using max refinement level: 5/5
Using max refinement level: 5/5
Using max refinement level: 5/5
Using max refinement level: 5/5
Using max refinement level: 5/5
Using max refinement level: 5/5
Using max refinement level: 5/5
Using max refinement level: 5/5
Using max refinement level: 5/5
Using max refinement level: 5/5
Using max refinement level: 5/5
Using max refinement level: 5/5
Using max refinement level: 5/5
Using max refinement level: 5/5
Using max refinement level: 5/5
Using max refinement level: 5/5
Using max refinement level: 5/5
Using max refinement level: 5/5
Using max refinement level: 5/5
Using max refinement level: 5/5
Using max refinement level: 5/5
Using max refinement level: 5/5
Using max refinement level: 5/5
Using max refinement level: 5/5
Using max refinement level: 5/5
Using max refinement level: 5/5
Using max refinement level: 5/5
Using max refinement level: 5/5
Using max refinement level: 5/5
Using max refinement level: 5/5
Using max refinement level: 5/5
Using max refinement level: 5/5
Using max refinement level: 5/5
Using max refinement level: 5/5
Using max refinement level: 5/5
Using max refinement level: 5/5
Using max refinement level: 5/5
Using max refinement level: 5/5
Using max refinement level: 5/5
Using max refinement level: 5/5
Using max refinement level: 5/5
Using max refinement level: 5/5
Using max refinement level: 5/5
Using max refinement level: 5/5
Using max refinement level: 5/5
Using max refinement level: 5/5
Time step updated: 3.125000e-04 -> 4.687500e-04
Using max refinement level: 5/5
Using max refinement level: 5/5
Using max refinement level: 5/5
Using max refinement level: 5/5
Using max refinement level: 5/5
Using max refinement level: 5/5
Using max refinement level: 5/5
Using max refinement level: 5/5
Using max refinement level: 5/5
Using max refinement level: 5/5
Using max refinement level: 5/5
Using max refinement level: 5/5
Using max refinement level: 5/5
Using max refinement level: 5/5
Using max refinement level: 5/5
Using max refinement level: 5/5
Using max refinement level: 5/5
Using max refinement level: 5/5
Using max refinement level: 5/5
Using max refinement level: 5/5
Using max refinement level: 5/5
Using max refinement level: 5/5
Using max refinement level: 5/5
Using max refinement level: 5/5
Using max refinement level: 5/5
Using max refinement level: 5/5
Using max refinement level: 5/5
Using max refinement level: 5/5
Using max refinement level: 5/5
Using max refinement level: 5/5
Using max refinement level: 5/5
Using max refinement level: 5/5
Using max refinement level: 5/5
Using max refinement level: 5/5
Using max refinement level: 5/5
Using max refinement level: 5/5
Using max refinement level: 5/5
Using max refinement level: 5/5
Using max refinement level: 5/5
Using max refinement level: 5/5
Using max refinement level: 5/5
Using max refinement level: 5/5
Using max refinement level: 5/5
Using max refinement level: 5/5
Using max refinement level: 5/5
Using max refinement level: 5/5
Using max refinement level: 5/5
Using max refinement level: 5/5
Using max refinement level: 5/5
Using max refinement level: 5/5
Using max refinement level: 5/5
Using max refinement level: 5/5
Using max refinement level: 5/5
Using max refinement level: 5/5
Using max refinement level: 5/5
Using max refinement level: 5/5
Using max refinement level: 5/5
Using max refinement level: 5/5
Using max refinement level: 5/5
Using max refinement level: 5/5
Using max refinement level: 5/5
Using max refinement level: 5/5
Using max refinement level: 5/5
Using max refinement level: 5/5
Using max refinement level: 5/5
Using max refinement level: 5/5
Using max refinement level: 5/5
Using max refinement level: 5/5
Using max refinement level: 5/5
Using max refinement level: 5/5
Using max refinement level: 5/5
Using max refinement level: 5/5
Using max refinement level: 5/5
Using max refinement level: 5/5
Using max refinement level: 5/5
Using max refinement level: 5/5
Using max refinement level: 5/5
Using max refinement level: 5/5
Using max refinement level: 5/5
Using max refinement level: 5/5
Using max refinement level: 5/5
Using max refinement level: 5/5
Using max refinement level: 5/5
Using max refinement level: 5/5
Using max refinement level: 5/5
Using max refinement level: 5/5
Using max refinement level: 5/5
Using max refinement level: 5/5
Using max refinement level: 5/5
Using max refinement level: 5/5
Using max refinement level: 5/5
Using max refinement level: 5/5
Using max refinement level: 5/5
Using max refinement level: 5/5
Using max refinement level: 5/5
Using max refinement level: 5/5
Using max refinement level: 5/5
Using max refinement level: 5/5
Using max refinement level: 5/5
Using max refinement level: 5/5
Using max refinement level: 5/5
Using max refinement level: 5/5
Using max refinement level: 5/5
Using max refinement level: 5/5
Using max refinement level: 5/5
Using max refinement level: 5/5
Using max refinement level: 5/5
Time step updated: 4.687500e-04 -> 3.125000e-04
Using max refinement level: 5/5
Using max refinement level: 5/5
Using max refinement level: 5/5
Using max refinement level: 5/5
Using max refinement level: 5/5
Using max refinement level: 5/5
Using max refinement level: 5/5
Using max refinement level: 5/5
Using max refinement level: 5/5
Using max refinement level: 5/5
Using max refinement level: 5/5
Using max refinement level: 5/5
Using max refinement level: 5/5
Using max refinement level: 5/5
Using max refinement level: 5/5
Using max refinement level: 5/5
Using max refinement level: 5/5
Using max refinement level: 5/5
Using max refinement level: 5/5
Using max refinement level: 5/5
Using max refinement level: 5/5
Using max refinement level: 5/5
Using max refinement level: 5/5
Using max refinement level: 5/5
Using max refinement level: 5/5
Using max refinement level: 5/5
Using max refinement level: 5/5
Using max refinement level: 5/5
Using max refinement level: 5/5
Using max refinement level: 5/5
Using max refinement level: 5/5
Using max refinement level: 5/5
Using max refinement level: 5/5
Using max refinement level: 5/5
Using max refinement level: 5/5
Using max refinement level: 5/5
Using max refinement level: 5/5
Using max refinement level: 5/5
Using max refinement level: 5/5
Using max refinement level: 5/5
Using max refinement level: 5/5
Using max refinement level: 5/5
Using max refinement level: 5/5
Using max refinement level: 5/5
Using max refinement level: 5/5
Using max refinement level: 5/5
Using max refinement level: 5/5
Using max refinement level: 5/5
Using max refinement level: 5/5
Using max refinement level: 5/5
Using max refinement level: 5/5
Using max refinement level: 5/5
Using max refinement level: 5/5
Using max refinement level: 5/5
Using max refinement level: 5/5
Using max refinement level: 5/5
Using max refinement level: 5/5
Using max refinement level: 5/5
Using max refinement level: 5/5
Using max refinement level: 5/5
Using max refinement level: 5/5
Using max refinement level: 5/5
Using max refinement level: 5/5
Using max refinement level: 5/5
Using max refinement level: 5/5
Simulation complete:
  Final L2 error: 0.120150
  Total cost: 43520
  Final elements: 20
  Adaptations: 235
  Cost ratio calculation:
    Total cost: 43520
    Initial elements: 128
    Number of timesteps: 3201
    No-AMR baseline cost: 409728
    Cost ratio: 0.1062
Generating conventional-AMR baseline with threshold 0.2...
Using max refinement level: 0/5
Using max refinement level: 5/5
Time step updated: 1.000000e-02 -> 3.125000e-04
Running conventional-amr evaluation:
  Initial refinement: 5
  Max refinement level: 5
  Element budget: 100
  Time final: 1.0
  Threshold: 0.2
Starting conventional-amr simulation to time 1.0
Initial elements: 128
Using max refinement level: 5/5
Using max refinement level: 5/5
Using max refinement level: 5/5
Using max refinement level: 5/5
Using max refinement level: 5/5
Using max refinement level: 5/5
Using max refinement level: 5/5
Using max refinement level: 5/5
Using max refinement level: 5/5
Using max refinement level: 5/5
Using max refinement level: 5/5
Using max refinement level: 5/5
Using max refinement level: 5/5
Using max refinement level: 5/5
Using max refinement level: 5/5
Using max refinement level: 5/5
Using max refinement level: 5/5
Using max refinement level: 5/5
Using max refinement level: 5/5
Using max refinement level: 5/5
Using max refinement level: 5/5
Using max refinement level: 5/5
Using max refinement level: 5/5
Using max refinement level: 5/5
Using max refinement level: 5/5
Using max refinement level: 5/5
Using max refinement level: 5/5
Using max refinement level: 5/5
Using max refinement level: 5/5
Using max refinement level: 5/5
Using max refinement level: 5/5
Using max refinement level: 5/5
Using max refinement level: 5/5
Using max refinement level: 5/5
Using max refinement level: 5/5
Using max refinement level: 5/5
Using max refinement level: 5/5
Using max refinement level: 5/5
Using max refinement level: 5/5
Using max refinement level: 5/5
Using max refinement level: 5/5
Using max refinement level: 5/5
Using max refinement level: 5/5
Using max refinement level: 5/5
Using max refinement level: 5/5
Using max refinement level: 5/5
Using max refinement level: 5/5
Using max refinement level: 5/5
Using max refinement level: 5/5
Using max refinement level: 5/5
Using max refinement level: 5/5
Using max refinement level: 5/5
Using max refinement level: 5/5
Using max refinement level: 5/5
Using max refinement level: 5/5
Using max refinement level: 5/5
Using max refinement level: 5/5
Using max refinement level: 5/5
Using max refinement level: 5/5
Using max refinement level: 5/5
Using max refinement level: 5/5
Using max refinement level: 5/5
Using max refinement level: 5/5
Using max refinement level: 5/5
Using max refinement level: 5/5
Using max refinement level: 5/5
Using max refinement level: 5/5
Using max refinement level: 5/5
Using max refinement level: 5/5
Using max refinement level: 5/5
Using max refinement level: 5/5
Using max refinement level: 5/5
Time step updated: 3.125000e-04 -> 4.687500e-04
Using max refinement level: 5/5
Using max refinement level: 5/5
Using max refinement level: 5/5
Using max refinement level: 5/5
Using max refinement level: 5/5
Using max refinement level: 5/5
Using max refinement level: 5/5
Using max refinement level: 5/5
Using max refinement level: 5/5
Using max refinement level: 5/5
Using max refinement level: 5/5
Using max refinement level: 5/5
Using max refinement level: 5/5
Using max refinement level: 5/5
Using max refinement level: 5/5
Using max refinement level: 5/5
Using max refinement level: 5/5
Using max refinement level: 5/5
Using max refinement level: 5/5
Using max refinement level: 5/5
Using max refinement level: 5/5
Using max refinement level: 5/5
Using max refinement level: 5/5
Using max refinement level: 5/5
Using max refinement level: 5/5
Using max refinement level: 5/5
Using max refinement level: 5/5
Using max refinement level: 5/5
Using max refinement level: 5/5
Using max refinement level: 5/5
Using max refinement level: 5/5
Using max refinement level: 5/5
Using max refinement level: 5/5
Using max refinement level: 5/5
Using max refinement level: 5/5
Using max refinement level: 5/5
Using max refinement level: 5/5
Using max refinement level: 5/5
Using max refinement level: 5/5
Using max refinement level: 5/5
Using max refinement level: 5/5
Using max refinement level: 5/5
Using max refinement level: 5/5
Using max refinement level: 5/5
Using max refinement level: 5/5
Using max refinement level: 5/5
Using max refinement level: 5/5
Using max refinement level: 5/5
Using max refinement level: 5/5
Using max refinement level: 5/5
Using max refinement level: 5/5
Using max refinement level: 5/5
Using max refinement level: 5/5
Using max refinement level: 5/5
Using max refinement level: 5/5
Using max refinement level: 5/5
Using max refinement level: 5/5
Using max refinement level: 5/5
Using max refinement level: 5/5
Using max refinement level: 5/5
Using max refinement level: 5/5
Using max refinement level: 5/5
Using max refinement level: 5/5
Using max refinement level: 5/5
Using max refinement level: 5/5
Using max refinement level: 5/5
Using max refinement level: 5/5
Using max refinement level: 5/5
Using max refinement level: 5/5
Using max refinement level: 5/5
Using max refinement level: 5/5
Using max refinement level: 5/5
Using max refinement level: 5/5
Using max refinement level: 5/5
Using max refinement level: 5/5
Using max refinement level: 5/5
Using max refinement level: 5/5
Using max refinement level: 5/5
Using max refinement level: 5/5
Using max refinement level: 5/5
Using max refinement level: 5/5
Using max refinement level: 5/5
Using max refinement level: 5/5
Using max refinement level: 5/5
Using max refinement level: 5/5
Using max refinement level: 5/5
Using max refinement level: 5/5
Using max refinement level: 5/5
Using max refinement level: 5/5
Using max refinement level: 5/5
Using max refinement level: 5/5
Using max refinement level: 5/5
Using max refinement level: 5/5
Using max refinement level: 5/5
Using max refinement level: 5/5
Using max refinement level: 5/5
Using max refinement level: 5/5
Using max refinement level: 5/5
Using max refinement level: 5/5
Using max refinement level: 5/5
Using max refinement level: 5/5
Using max refinement level: 5/5
Using max refinement level: 5/5
Using max refinement level: 5/5
Using max refinement level: 5/5
Using max refinement level: 5/5
Using max refinement level: 5/5
Using max refinement level: 5/5
Using max refinement level: 5/5
Using max refinement level: 5/5
Using max refinement level: 5/5
Using max refinement level: 5/5
Using max refinement level: 5/5
Using max refinement level: 5/5
Using max refinement level: 5/5
Time step updated: 4.687500e-04 -> 3.125000e-04
Using max refinement level: 5/5
Using max refinement level: 5/5
Using max refinement level: 5/5
Using max refinement level: 5/5
Using max refinement level: 5/5
Using max refinement level: 5/5
Using max refinement level: 5/5
Using max refinement level: 5/5
Using max refinement level: 5/5
Using max refinement level: 5/5
Using max refinement level: 5/5
Using max refinement level: 5/5
Using max refinement level: 5/5
Using max refinement level: 5/5
Using max refinement level: 5/5
Using max refinement level: 5/5
Using max refinement level: 5/5
Using max refinement level: 5/5
Using max refinement level: 5/5
Using max refinement level: 5/5
Using max refinement level: 5/5
Using max refinement level: 5/5
Using max refinement level: 5/5
Using max refinement level: 5/5
Using max refinement level: 5/5
Using max refinement level: 5/5
Using max refinement level: 5/5
Using max refinement level: 5/5
Using max refinement level: 5/5
Using max refinement level: 5/5
Using max refinement level: 5/5
Using max refinement level: 5/5
Using max refinement level: 5/5
Using max refinement level: 5/5
Using max refinement level: 5/5
Using max refinement level: 5/5
Using max refinement level: 5/5
Using max refinement level: 5/5
Using max refinement level: 5/5
Using max refinement level: 5/5
Using max refinement level: 5/5
Using max refinement level: 5/5
Using max refinement level: 5/5
Using max refinement level: 5/5
Using max refinement level: 5/5
Using max refinement level: 5/5
Using max refinement level: 5/5
Using max refinement level: 5/5
Using max refinement level: 5/5
Using max refinement level: 5/5
Using max refinement level: 5/5
Using max refinement level: 5/5
Using max refinement level: 5/5
Using max refinement level: 5/5
Using max refinement level: 5/5
Using max refinement level: 5/5
Using max refinement level: 5/5
Using max refinement level: 5/5
Using max refinement level: 5/5
Using max refinement level: 5/5
Using max refinement level: 5/5
Using max refinement level: 5/5
Using max refinement level: 5/5
Using max refinement level: 5/5
Using max refinement level: 5/5
Using max refinement level: 5/5
Simulation complete:
  Final L2 error: 0.084046
  Total cost: 47478
  Final elements: 20
  Adaptations: 253
  Cost ratio calculation:
    Total cost: 47478
    Initial elements: 128
    Number of timesteps: 3201
    No-AMR baseline cost: 409728
    Cost ratio: 0.1159
Generating conventional-AMR baseline with threshold 0.1...
Using max refinement level: 0/5
Using max refinement level: 5/5
Time step updated: 1.000000e-02 -> 3.125000e-04
Running conventional-amr evaluation:
  Initial refinement: 5
  Max refinement level: 5
  Element budget: 100
  Time final: 1.0
  Threshold: 0.1
Starting conventional-amr simulation to time 1.0
Initial elements: 128
Using max refinement level: 5/5
Using max refinement level: 5/5
Using max refinement level: 5/5
Using max refinement level: 5/5
Using max refinement level: 5/5
Using max refinement level: 5/5
Using max refinement level: 5/5
Using max refinement level: 5/5
Using max refinement level: 5/5
Using max refinement level: 5/5
Using max refinement level: 5/5
Using max refinement level: 5/5
Using max refinement level: 5/5
Using max refinement level: 5/5
Using max refinement level: 5/5
Using max refinement level: 5/5
Using max refinement level: 5/5
Using max refinement level: 5/5
Using max refinement level: 5/5
Using max refinement level: 5/5
Using max refinement level: 5/5
Using max refinement level: 5/5
Using max refinement level: 5/5
Using max refinement level: 5/5
Using max refinement level: 5/5
Using max refinement level: 5/5
Using max refinement level: 5/5
Using max refinement level: 5/5
Using max refinement level: 5/5
Using max refinement level: 5/5
Using max refinement level: 5/5
Using max refinement level: 5/5
Using max refinement level: 5/5
Using max refinement level: 5/5
Using max refinement level: 5/5
Using max refinement level: 5/5
Using max refinement level: 5/5
Using max refinement level: 5/5
Using max refinement level: 5/5
Using max refinement level: 5/5
Using max refinement level: 5/5
Using max refinement level: 5/5
Using max refinement level: 5/5
Using max refinement level: 5/5
Using max refinement level: 5/5
Using max refinement level: 5/5
Using max refinement level: 5/5
Using max refinement level: 5/5
Using max refinement level: 5/5
Using max refinement level: 5/5
Using max refinement level: 5/5
Using max refinement level: 5/5
Using max refinement level: 5/5
Using max refinement level: 5/5
Using max refinement level: 5/5
Using max refinement level: 5/5
Using max refinement level: 5/5
Using max refinement level: 5/5
Using max refinement level: 5/5
Using max refinement level: 5/5
Using max refinement level: 5/5
Using max refinement level: 5/5
Using max refinement level: 5/5
Using max refinement level: 5/5
Using max refinement level: 5/5
Using max refinement level: 5/5
Using max refinement level: 5/5
Using max refinement level: 5/5
Using max refinement level: 5/5
Using max refinement level: 5/5
Using max refinement level: 5/5
Using max refinement level: 5/5
Using max refinement level: 5/5
Using max refinement level: 5/5
Using max refinement level: 5/5
Time step updated: 3.125000e-04 -> 4.687500e-04
Using max refinement level: 5/5
Using max refinement level: 5/5
Using max refinement level: 5/5
Using max refinement level: 5/5
Using max refinement level: 5/5
Using max refinement level: 5/5
Using max refinement level: 5/5
Using max refinement level: 5/5
Using max refinement level: 5/5
Using max refinement level: 5/5
Using max refinement level: 5/5
Using max refinement level: 5/5
Using max refinement level: 5/5
Using max refinement level: 5/5
Using max refinement level: 5/5
Using max refinement level: 5/5
Using max refinement level: 5/5
Using max refinement level: 5/5
Using max refinement level: 5/5
Using max refinement level: 5/5
Using max refinement level: 5/5
Using max refinement level: 5/5
Using max refinement level: 5/5
Using max refinement level: 5/5
Using max refinement level: 5/5
Using max refinement level: 5/5
Using max refinement level: 5/5
Using max refinement level: 5/5
Using max refinement level: 5/5
Using max refinement level: 5/5
Using max refinement level: 5/5
Using max refinement level: 5/5
Using max refinement level: 5/5
Using max refinement level: 5/5
Using max refinement level: 5/5
Using max refinement level: 5/5
Using max refinement level: 5/5
Using max refinement level: 5/5
Using max refinement level: 5/5
Using max refinement level: 5/5
Using max refinement level: 5/5
Using max refinement level: 5/5
Using max refinement level: 5/5
Using max refinement level: 5/5
Using max refinement level: 5/5
Using max refinement level: 5/5
Using max refinement level: 5/5
Using max refinement level: 5/5
Using max refinement level: 5/5
Using max refinement level: 5/5
Using max refinement level: 5/5
Using max refinement level: 5/5
Using max refinement level: 5/5
Using max refinement level: 5/5
Using max refinement level: 5/5
Using max refinement level: 5/5
Using max refinement level: 5/5
Using max refinement level: 5/5
Using max refinement level: 5/5
Using max refinement level: 5/5
Using max refinement level: 5/5
Using max refinement level: 5/5
Using max refinement level: 5/5
Using max refinement level: 5/5
Using max refinement level: 5/5
Using max refinement level: 5/5
Using max refinement level: 5/5
Using max refinement level: 5/5
Using max refinement level: 5/5
Using max refinement level: 5/5
Using max refinement level: 5/5
Using max refinement level: 5/5
Using max refinement level: 5/5
Using max refinement level: 5/5
Using max refinement level: 5/5
Using max refinement level: 5/5
Using max refinement level: 5/5
Using max refinement level: 5/5
Using max refinement level: 5/5
Using max refinement level: 5/5
Using max refinement level: 5/5
Using max refinement level: 5/5
Using max refinement level: 5/5
Using max refinement level: 5/5
Using max refinement level: 5/5
Using max refinement level: 5/5
Using max refinement level: 5/5
Using max refinement level: 5/5
Using max refinement level: 5/5
Using max refinement level: 5/5
Using max refinement level: 5/5
Using max refinement level: 5/5
Using max refinement level: 5/5
Using max refinement level: 5/5
Using max refinement level: 5/5
Using max refinement level: 5/5
Using max refinement level: 5/5
Using max refinement level: 5/5
Using max refinement level: 5/5
Using max refinement level: 5/5
Using max refinement level: 5/5
Using max refinement level: 5/5
Using max refinement level: 5/5
Using max refinement level: 5/5
Using max refinement level: 5/5
Using max refinement level: 5/5
Using max refinement level: 5/5
Using max refinement level: 5/5
Using max refinement level: 5/5
Using max refinement level: 5/5
Using max refinement level: 5/5
Using max refinement level: 5/5
Using max refinement level: 5/5
Time step updated: 4.687500e-04 -> 3.125000e-04
Using max refinement level: 5/5
Using max refinement level: 5/5
Using max refinement level: 5/5
Using max refinement level: 5/5
Using max refinement level: 5/5
Using max refinement level: 5/5
Using max refinement level: 5/5
Using max refinement level: 5/5
Using max refinement level: 5/5
Using max refinement level: 5/5
Using max refinement level: 5/5
Using max refinement level: 5/5
Using max refinement level: 5/5
Using max refinement level: 5/5
Using max refinement level: 5/5
Using max refinement level: 5/5
Using max refinement level: 5/5
Using max refinement level: 5/5
Using max refinement level: 5/5
Using max refinement level: 5/5
Using max refinement level: 5/5
Using max refinement level: 5/5
Using max refinement level: 5/5
Using max refinement level: 5/5
Using max refinement level: 5/5
Using max refinement level: 5/5
Using max refinement level: 5/5
Using max refinement level: 5/5
Using max refinement level: 5/5
Using max refinement level: 5/5
Using max refinement level: 5/5
Using max refinement level: 5/5
Using max refinement level: 5/5
Using max refinement level: 5/5
Using max refinement level: 5/5
Using max refinement level: 5/5
Using max refinement level: 5/5
Using max refinement level: 5/5
Using max refinement level: 5/5
Using max refinement level: 5/5
Using max refinement level: 5/5
Using max refinement level: 5/5
Using max refinement level: 5/5
Using max refinement level: 5/5
Using max refinement level: 5/5
Using max refinement level: 5/5
Using max refinement level: 5/5
Using max refinement level: 5/5
Using max refinement level: 5/5
Using max refinement level: 5/5
Using max refinement level: 5/5
Using max refinement level: 5/5
Using max refinement level: 5/5
Using max refinement level: 5/5
Using max refinement level: 5/5
Using max refinement level: 5/5
Using max refinement level: 5/5
Using max refinement level: 5/5
Using max refinement level: 5/5
Using max refinement level: 5/5
Using max refinement level: 5/5
Using max refinement level: 5/5
Using max refinement level: 5/5
Using max refinement level: 5/5
Using max refinement level: 5/5
Using max refinement level: 5/5
Using max refinement level: 5/5
Using max refinement level: 5/5
Using max refinement level: 5/5
Simulation complete:
  Final L2 error: 0.048302
  Total cost: 53279
  Final elements: 22
  Adaptations: 257
  Cost ratio calculation:
    Total cost: 53279
    Initial elements: 128
    Number of timesteps: 3201
    No-AMR baseline cost: 409728
    Cost ratio: 0.1300
Generating conventional-AMR baseline with threshold 0.01...
Using max refinement level: 0/5
Using max refinement level: 5/5
Time step updated: 1.000000e-02 -> 3.125000e-04
Running conventional-amr evaluation:
  Initial refinement: 5
  Max refinement level: 5
  Element budget: 100
  Time final: 1.0
  Threshold: 0.01
Starting conventional-amr simulation to time 1.0
Initial elements: 128
Using max refinement level: 5/5
Using max refinement level: 5/5
Using max refinement level: 5/5
Using max refinement level: 5/5
Using max refinement level: 5/5
Using max refinement level: 5/5
Using max refinement level: 5/5
Using max refinement level: 5/5
Using max refinement level: 5/5
Using max refinement level: 5/5
Using max refinement level: 5/5
Using max refinement level: 5/5
Using max refinement level: 5/5
Using max refinement level: 5/5
Using max refinement level: 5/5
Using max refinement level: 5/5
Using max refinement level: 5/5
Using max refinement level: 5/5
Using max refinement level: 5/5
Using max refinement level: 5/5
Using max refinement level: 5/5
Using max refinement level: 5/5
Using max refinement level: 5/5
Using max refinement level: 5/5
Using max refinement level: 5/5
Using max refinement level: 5/5
Using max refinement level: 5/5
Using max refinement level: 5/5
Using max refinement level: 5/5
Using max refinement level: 5/5
Using max refinement level: 5/5
Using max refinement level: 5/5
Using max refinement level: 5/5
Using max refinement level: 5/5
Using max refinement level: 5/5
Using max refinement level: 5/5
Using max refinement level: 5/5
Using max refinement level: 5/5
Using max refinement level: 5/5
Using max refinement level: 5/5
Using max refinement level: 5/5
Using max refinement level: 5/5
Using max refinement level: 5/5
Using max refinement level: 5/5
Using max refinement level: 5/5
Using max refinement level: 5/5
Using max refinement level: 5/5
Using max refinement level: 5/5
Using max refinement level: 5/5
Using max refinement level: 5/5
Using max refinement level: 5/5
Using max refinement level: 5/5
Using max refinement level: 5/5
Using max refinement level: 5/5
Using max refinement level: 5/5
Using max refinement level: 5/5
Using max refinement level: 5/5
Using max refinement level: 5/5
Using max refinement level: 5/5
Using max refinement level: 5/5
Using max refinement level: 5/5
Using max refinement level: 5/5
Using max refinement level: 5/5
Using max refinement level: 5/5
Using max refinement level: 5/5
Using max refinement level: 5/5
Using max refinement level: 5/5
Using max refinement level: 5/5
Using max refinement level: 5/5
Using max refinement level: 5/5
Using max refinement level: 5/5
Using max refinement level: 5/5
Using max refinement level: 5/5
Using max refinement level: 5/5
Using max refinement level: 5/5
Using max refinement level: 5/5
Using max refinement level: 5/5
Using max refinement level: 5/5
Using max refinement level: 5/5
Using max refinement level: 5/5
Using max refinement level: 5/5
Time step updated: 3.125000e-04 -> 4.687500e-04
Using max refinement level: 5/5
Using max refinement level: 5/5
Using max refinement level: 5/5
Using max refinement level: 5/5
Using max refinement level: 5/5
Using max refinement level: 5/5
Using max refinement level: 5/5
Using max refinement level: 5/5
Using max refinement level: 5/5
Using max refinement level: 5/5
Using max refinement level: 5/5
Using max refinement level: 5/5
Using max refinement level: 5/5
Using max refinement level: 5/5
Using max refinement level: 5/5
Using max refinement level: 5/5
Using max refinement level: 5/5
Using max refinement level: 5/5
Using max refinement level: 5/5
Using max refinement level: 5/5
Using max refinement level: 5/5
Using max refinement level: 5/5
Using max refinement level: 5/5
Using max refinement level: 5/5
Using max refinement level: 5/5
Using max refinement level: 5/5
Using max refinement level: 5/5
Using max refinement level: 5/5
Using max refinement level: 5/5
Using max refinement level: 5/5
Using max refinement level: 5/5
Using max refinement level: 5/5
Using max refinement level: 5/5
Using max refinement level: 5/5
Using max refinement level: 5/5
Using max refinement level: 5/5
Using max refinement level: 5/5
Using max refinement level: 5/5
Using max refinement level: 5/5
Using max refinement level: 5/5
Using max refinement level: 5/5
Using max refinement level: 5/5
Using max refinement level: 5/5
Using max refinement level: 5/5
Using max refinement level: 5/5
Using max refinement level: 5/5
Using max refinement level: 5/5
Using max refinement level: 5/5
Using max refinement level: 5/5
Using max refinement level: 5/5
Using max refinement level: 5/5
Using max refinement level: 5/5
Using max refinement level: 5/5
Using max refinement level: 5/5
Using max refinement level: 5/5
Using max refinement level: 5/5
Using max refinement level: 5/5
Using max refinement level: 5/5
Using max refinement level: 5/5
Using max refinement level: 5/5
Using max refinement level: 5/5
Using max refinement level: 5/5
Using max refinement level: 5/5
Using max refinement level: 5/5
Using max refinement level: 5/5
Using max refinement level: 5/5
Using max refinement level: 5/5
Using max refinement level: 5/5
Using max refinement level: 5/5
Using max refinement level: 5/5
Using max refinement level: 5/5
Using max refinement level: 5/5
Using max refinement level: 5/5
Using max refinement level: 5/5
Using max refinement level: 5/5
Using max refinement level: 5/5
Using max refinement level: 5/5
Using max refinement level: 5/5
Using max refinement level: 5/5
Using max refinement level: 5/5
Using max refinement level: 5/5
Using max refinement level: 5/5
Using max refinement level: 5/5
Using max refinement level: 5/5
Using max refinement level: 5/5
Using max refinement level: 5/5
Using max refinement level: 5/5
Using max refinement level: 5/5
Using max refinement level: 5/5
Using max refinement level: 5/5
Using max refinement level: 5/5
Using max refinement level: 5/5
Using max refinement level: 5/5
Using max refinement level: 5/5
Using max refinement level: 5/5
Using max refinement level: 5/5
Using max refinement level: 5/5
Using max refinement level: 5/5
Using max refinement level: 5/5
Using max refinement level: 5/5
Using max refinement level: 5/5
Using max refinement level: 5/5
Using max refinement level: 5/5
Using max refinement level: 5/5
Using max refinement level: 5/5
Using max refinement level: 5/5
Using max refinement level: 5/5
Using max refinement level: 5/5
Using max refinement level: 5/5
Using max refinement level: 5/5
Using max refinement level: 5/5
Time step updated: 4.687500e-04 -> 3.125000e-04
Using max refinement level: 5/5
Using max refinement level: 5/5
Using max refinement level: 5/5
Using max refinement level: 5/5
Using max refinement level: 5/5
Using max refinement level: 5/5
Using max refinement level: 5/5
Using max refinement level: 5/5
Using max refinement level: 5/5
Using max refinement level: 5/5
Using max refinement level: 5/5
Using max refinement level: 5/5
Using max refinement level: 5/5
Using max refinement level: 5/5
Using max refinement level: 5/5
Using max refinement level: 5/5
Using max refinement level: 5/5
Using max refinement level: 5/5
Using max refinement level: 5/5
Using max refinement level: 5/5
Using max refinement level: 5/5
Using max refinement level: 5/5
Using max refinement level: 5/5
Using max refinement level: 5/5
Using max refinement level: 5/5
Using max refinement level: 5/5
Using max refinement level: 5/5
Using max refinement level: 5/5
Using max refinement level: 5/5
Using max refinement level: 5/5
Using max refinement level: 5/5
Using max refinement level: 5/5
Using max refinement level: 5/5
Using max refinement level: 5/5
Using max refinement level: 5/5
Using max refinement level: 5/5
Using max refinement level: 5/5
Using max refinement level: 5/5
Using max refinement level: 5/5
Using max refinement level: 5/5
Using max refinement level: 5/5
Using max refinement level: 5/5
Using max refinement level: 5/5
Using max refinement level: 5/5
Using max refinement level: 5/5
Using max refinement level: 5/5
Using max refinement level: 5/5
Using max refinement level: 5/5
Using max refinement level: 5/5
Using max refinement level: 5/5
Using max refinement level: 5/5
Using max refinement level: 5/5
Using max refinement level: 5/5
Using max refinement level: 5/5
Using max refinement level: 5/5
Using max refinement level: 5/5
Using max refinement level: 5/5
Using max refinement level: 5/5
Using max refinement level: 5/5
Using max refinement level: 5/5
Using max refinement level: 5/5
Using max refinement level: 5/5
Simulation complete:
  Final L2 error: 0.006086
  Total cost: 68115
  Final elements: 29
  Adaptations: 244
  Cost ratio calculation:
    Total cost: 68115
    Initial elements: 128
    Number of timesteps: 3201
    No-AMR baseline cost: 409728
    Cost ratio: 0.1662
Generating conventional-AMR baseline with threshold 0.001...
Using max refinement level: 0/5
Using max refinement level: 5/5
Time step updated: 1.000000e-02 -> 3.125000e-04
Running conventional-amr evaluation:
  Initial refinement: 5
  Max refinement level: 5
  Element budget: 100
  Time final: 1.0
  Threshold: 0.001
Starting conventional-amr simulation to time 1.0
Initial elements: 128
Using max refinement level: 5/5
Using max refinement level: 5/5
Using max refinement level: 5/5
Using max refinement level: 5/5
Using max refinement level: 5/5
Using max refinement level: 5/5
Using max refinement level: 5/5
Using max refinement level: 5/5
Using max refinement level: 5/5
Using max refinement level: 5/5
Using max refinement level: 5/5
Using max refinement level: 5/5
Using max refinement level: 5/5
Using max refinement level: 5/5
Using max refinement level: 5/5
Using max refinement level: 5/5
Using max refinement level: 5/5
Using max refinement level: 5/5
Using max refinement level: 5/5
Using max refinement level: 5/5
Using max refinement level: 5/5
Using max refinement level: 5/5
Using max refinement level: 5/5
Using max refinement level: 5/5
Using max refinement level: 5/5
Using max refinement level: 5/5
Using max refinement level: 5/5
Using max refinement level: 5/5
Using max refinement level: 5/5
Using max refinement level: 5/5
Using max refinement level: 5/5
Using max refinement level: 5/5
Using max refinement level: 5/5
Using max refinement level: 5/5
Using max refinement level: 5/5
Using max refinement level: 5/5
Using max refinement level: 5/5
Using max refinement level: 5/5
Using max refinement level: 5/5
Using max refinement level: 5/5
Using max refinement level: 5/5
Using max refinement level: 5/5
Using max refinement level: 5/5
Using max refinement level: 5/5
Using max refinement level: 5/5
Using max refinement level: 5/5
Using max refinement level: 5/5
Using max refinement level: 5/5
Using max refinement level: 5/5
Using max refinement level: 5/5
Using max refinement level: 5/5
Using max refinement level: 5/5
Using max refinement level: 5/5
Using max refinement level: 5/5
Using max refinement level: 5/5
Using max refinement level: 5/5
Using max refinement level: 5/5
Using max refinement level: 5/5
Using max refinement level: 5/5
Using max refinement level: 5/5
Using max refinement level: 5/5
Using max refinement level: 5/5
Using max refinement level: 5/5
Using max refinement level: 5/5
Using max refinement level: 5/5
Using max refinement level: 5/5
Using max refinement level: 5/5
Using max refinement level: 5/5
Using max refinement level: 5/5
Using max refinement level: 5/5
Using max refinement level: 5/5
Using max refinement level: 5/5
Using max refinement level: 5/5
Using max refinement level: 5/5
Using max refinement level: 5/5
Using max refinement level: 5/5
Using max refinement level: 5/5
Using max refinement level: 5/5
Using max refinement level: 5/5
Using max refinement level: 5/5
Using max refinement level: 5/5
Using max refinement level: 5/5
Using max refinement level: 5/5
Using max refinement level: 5/5
Time step updated: 3.125000e-04 -> 4.687500e-04
Using max refinement level: 5/5
Using max refinement level: 5/5
Using max refinement level: 5/5
Using max refinement level: 5/5
Using max refinement level: 5/5
Using max refinement level: 5/5
Using max refinement level: 5/5
Using max refinement level: 5/5
Using max refinement level: 5/5
Using max refinement level: 5/5
Using max refinement level: 5/5
Using max refinement level: 5/5
Using max refinement level: 5/5
Using max refinement level: 5/5
Using max refinement level: 5/5
Using max refinement level: 5/5
Using max refinement level: 5/5
Using max refinement level: 5/5
Using max refinement level: 5/5
Using max refinement level: 5/5
Using max refinement level: 5/5
Using max refinement level: 5/5
Using max refinement level: 5/5
Using max refinement level: 5/5
Using max refinement level: 5/5
Using max refinement level: 5/5
Using max refinement level: 5/5
Using max refinement level: 5/5
Using max refinement level: 5/5
Using max refinement level: 5/5
Using max refinement level: 5/5
Using max refinement level: 5/5
Using max refinement level: 5/5
Using max refinement level: 5/5
Using max refinement level: 5/5
Using max refinement level: 5/5
Using max refinement level: 5/5
Using max refinement level: 5/5
Using max refinement level: 5/5
Using max refinement level: 5/5
Using max refinement level: 5/5
Using max refinement level: 5/5
Using max refinement level: 5/5
Using max refinement level: 5/5
Using max refinement level: 5/5
Using max refinement level: 5/5
Using max refinement level: 5/5
Using max refinement level: 5/5
Using max refinement level: 5/5
Using max refinement level: 5/5
Using max refinement level: 5/5
Using max refinement level: 5/5
Using max refinement level: 5/5
Using max refinement level: 5/5
Using max refinement level: 5/5
Using max refinement level: 5/5
Using max refinement level: 5/5
Using max refinement level: 5/5
Using max refinement level: 5/5
Using max refinement level: 5/5
Using max refinement level: 5/5
Using max refinement level: 5/5
Using max refinement level: 5/5
Using max refinement level: 5/5
Using max refinement level: 5/5
Using max refinement level: 5/5
Using max refinement level: 5/5
Using max refinement level: 5/5
Using max refinement level: 5/5
Using max refinement level: 5/5
Using max refinement level: 5/5
Using max refinement level: 5/5
Using max refinement level: 5/5
Using max refinement level: 5/5
Using max refinement level: 5/5
Using max refinement level: 5/5
Using max refinement level: 5/5
Using max refinement level: 5/5
Using max refinement level: 5/5
Using max refinement level: 5/5
Using max refinement level: 5/5
Using max refinement level: 5/5
Using max refinement level: 5/5
Using max refinement level: 5/5
Using max refinement level: 5/5
Using max refinement level: 5/5
Using max refinement level: 5/5
Using max refinement level: 5/5
Using max refinement level: 5/5
Using max refinement level: 5/5
Using max refinement level: 5/5
Using max refinement level: 5/5
Using max refinement level: 5/5
Using max refinement level: 5/5
Using max refinement level: 5/5
Using max refinement level: 5/5
Using max refinement level: 5/5
Using max refinement level: 5/5
Using max refinement level: 5/5
Using max refinement level: 5/5
Using max refinement level: 5/5
Time step updated: 4.687500e-04 -> 3.125000e-04
Using max refinement level: 5/5
Using max refinement level: 5/5
Using max refinement level: 5/5
Using max refinement level: 5/5
Using max refinement level: 5/5
Using max refinement level: 5/5
Using max refinement level: 5/5
Using max refinement level: 5/5
Using max refinement level: 5/5
Using max refinement level: 5/5
Using max refinement level: 5/5
Using max refinement level: 5/5
Using max refinement level: 5/5
Using max refinement level: 5/5
Using max refinement level: 5/5
Using max refinement level: 5/5
Using max refinement level: 5/5
Using max refinement level: 5/5
Using max refinement level: 5/5
Using max refinement level: 5/5
Using max refinement level: 5/5
Using max refinement level: 5/5
Using max refinement level: 5/5
Using max refinement level: 5/5
Using max refinement level: 5/5
Using max refinement level: 5/5
Using max refinement level: 5/5
Using max refinement level: 5/5
Using max refinement level: 5/5
Using max refinement level: 5/5
Using max refinement level: 5/5
Using max refinement level: 5/5
Using max refinement level: 5/5
Using max refinement level: 5/5
Using max refinement level: 5/5
Using max refinement level: 5/5
Using max refinement level: 5/5
Using max refinement level: 5/5
Using max refinement level: 5/5
Using max refinement level: 5/5
Using max refinement level: 5/5
Using max refinement level: 5/5
Using max refinement level: 5/5
Using max refinement level: 5/5
Using max refinement level: 5/5
Using max refinement level: 5/5
Using max refinement level: 5/5
Using max refinement level: 5/5
Using max refinement level: 5/5
Using max refinement level: 5/5
Using max refinement level: 5/5
Using max refinement level: 5/5
Using max refinement level: 5/5
Using max refinement level: 5/5
Using max refinement level: 5/5
Using max refinement level: 5/5
Using max refinement level: 5/5
Using max refinement level: 5/5
Using max refinement level: 5/5
Using max refinement level: 5/5
Using max refinement level: 5/5
Using max refinement level: 5/5
Using max refinement level: 5/5
Using max refinement level: 5/5
Using max refinement level: 5/5
Using max refinement level: 5/5
Using max refinement level: 5/5
Using max refinement level: 5/5
Using max refinement level: 5/5
Using max refinement level: 5/5
Using max refinement level: 5/5
Using max refinement level: 5/5
Using max refinement level: 5/5
Using max refinement level: 5/5
Using max refinement level: 5/5
Using max refinement level: 5/5
Simulation complete:
  Final L2 error: 0.000682
  Total cost: 79607
  Final elements: 34
  Adaptations: 257
  Cost ratio calculation:
    Total cost: 79607
    Initial elements: 128
    Number of timesteps: 3201
    No-AMR baseline cost: 409728
    Cost ratio: 0.1943
Generating conventional-AMR baseline with threshold 0.0001...
Using max refinement level: 0/5
Using max refinement level: 5/5
Time step updated: 1.000000e-02 -> 3.125000e-04
Running conventional-amr evaluation:
  Initial refinement: 5
  Max refinement level: 5
  Element budget: 100
  Time final: 1.0
  Threshold: 0.0001
Starting conventional-amr simulation to time 1.0
Initial elements: 128
Using max refinement level: 5/5
Using max refinement level: 5/5
Using max refinement level: 5/5
Using max refinement level: 5/5
Using max refinement level: 5/5
Using max refinement level: 5/5
Using max refinement level: 5/5
Using max refinement level: 5/5
Using max refinement level: 5/5
Using max refinement level: 5/5
Using max refinement level: 5/5
Using max refinement level: 5/5
Using max refinement level: 5/5
Using max refinement level: 5/5
Using max refinement level: 5/5
Using max refinement level: 5/5
Using max refinement level: 5/5
Using max refinement level: 5/5
Using max refinement level: 5/5
Using max refinement level: 5/5
Using max refinement level: 5/5
Using max refinement level: 5/5
Using max refinement level: 5/5
Using max refinement level: 5/5
Using max refinement level: 5/5
Using max refinement level: 5/5
Using max refinement level: 5/5
Using max refinement level: 5/5
Using max refinement level: 5/5
Using max refinement level: 5/5
Using max refinement level: 5/5
Using max refinement level: 5/5
Using max refinement level: 5/5
Using max refinement level: 5/5
Using max refinement level: 5/5
Using max refinement level: 5/5
Using max refinement level: 5/5
Using max refinement level: 5/5
Using max refinement level: 5/5
Using max refinement level: 5/5
Using max refinement level: 5/5
Using max refinement level: 5/5
Using max refinement level: 5/5
Using max refinement level: 5/5
Using max refinement level: 5/5
Using max refinement level: 5/5
Using max refinement level: 5/5
Using max refinement level: 5/5
Using max refinement level: 5/5
Using max refinement level: 5/5
Using max refinement level: 5/5
Using max refinement level: 5/5
Using max refinement level: 5/5
Using max refinement level: 5/5
Using max refinement level: 5/5
Using max refinement level: 5/5
Using max refinement level: 5/5
Using max refinement level: 5/5
Using max refinement level: 5/5
Using max refinement level: 5/5
Using max refinement level: 5/5
Using max refinement level: 5/5
Using max refinement level: 5/5
Using max refinement level: 5/5
Using max refinement level: 5/5
Using max refinement level: 5/5
Using max refinement level: 5/5
Using max refinement level: 5/5
Using max refinement level: 5/5
Using max refinement level: 5/5
Using max refinement level: 5/5
Using max refinement level: 5/5
Using max refinement level: 5/5
Using max refinement level: 5/5
Using max refinement level: 5/5
Using max refinement level: 5/5
Using max refinement level: 5/5
Using max refinement level: 5/5
Using max refinement level: 5/5
Using max refinement level: 5/5
Using max refinement level: 5/5
Using max refinement level: 5/5
Using max refinement level: 5/5
Using max refinement level: 5/5
Using max refinement level: 5/5
Using max refinement level: 5/5
Using max refinement level: 5/5
Using max refinement level: 5/5
Using max refinement level: 5/5
Time step updated: 3.125000e-04 -> 4.687500e-04
Using max refinement level: 5/5
Using max refinement level: 5/5
Using max refinement level: 5/5
Using max refinement level: 5/5
Using max refinement level: 5/5
Using max refinement level: 5/5
Using max refinement level: 5/5
Using max refinement level: 5/5
Using max refinement level: 5/5
Using max refinement level: 5/5
Using max refinement level: 5/5
Using max refinement level: 5/5
Using max refinement level: 5/5
Using max refinement level: 5/5
Using max refinement level: 5/5
Using max refinement level: 5/5
Using max refinement level: 5/5
Using max refinement level: 5/5
Using max refinement level: 5/5
Using max refinement level: 5/5
Using max refinement level: 5/5
Using max refinement level: 5/5
Using max refinement level: 5/5
Using max refinement level: 5/5
Using max refinement level: 5/5
Using max refinement level: 5/5
Using max refinement level: 5/5
Using max refinement level: 5/5
Using max refinement level: 5/5
Using max refinement level: 5/5
Using max refinement level: 5/5
Using max refinement level: 5/5
Using max refinement level: 5/5
Using max refinement level: 5/5
Using max refinement level: 5/5
Using max refinement level: 5/5
Using max refinement level: 5/5
Using max refinement level: 5/5
Using max refinement level: 5/5
Using max refinement level: 5/5
Using max refinement level: 5/5
Using max refinement level: 5/5
Using max refinement level: 5/5
Using max refinement level: 5/5
Using max refinement level: 5/5
Using max refinement level: 5/5
Using max refinement level: 5/5
Using max refinement level: 5/5
Using max refinement level: 5/5
Using max refinement level: 5/5
Using max refinement level: 5/5
Using max refinement level: 5/5
Using max refinement level: 5/5
Using max refinement level: 5/5
Using max refinement level: 5/5
Using max refinement level: 5/5
Using max refinement level: 5/5
Using max refinement level: 5/5
Using max refinement level: 5/5
Using max refinement level: 5/5
Using max refinement level: 5/5
Using max refinement level: 5/5
Using max refinement level: 5/5
Using max refinement level: 5/5
Using max refinement level: 5/5
Using max refinement level: 5/5
Using max refinement level: 5/5
Using max refinement level: 5/5
Using max refinement level: 5/5
Using max refinement level: 5/5
Using max refinement level: 5/5
Using max refinement level: 5/5
Using max refinement level: 5/5
Using max refinement level: 5/5
Using max refinement level: 5/5
Using max refinement level: 5/5
Using max refinement level: 5/5
Using max refinement level: 5/5
Using max refinement level: 5/5
Using max refinement level: 5/5
Using max refinement level: 5/5
Using max refinement level: 5/5
Using max refinement level: 5/5
Using max refinement level: 5/5
Using max refinement level: 5/5
Using max refinement level: 5/5
Using max refinement level: 5/5
Using max refinement level: 5/5
Using max refinement level: 5/5
Using max refinement level: 5/5
Using max refinement level: 5/5
Using max refinement level: 5/5
Using max refinement level: 5/5
Using max refinement level: 5/5
Using max refinement level: 5/5
Using max refinement level: 5/5
Time step updated: 4.687500e-04 -> 3.125000e-04
Using max refinement level: 5/5
Using max refinement level: 5/5
Using max refinement level: 5/5
Using max refinement level: 5/5
Using max refinement level: 5/5
Using max refinement level: 5/5
Using max refinement level: 5/5
Using max refinement level: 5/5
Using max refinement level: 5/5
Using max refinement level: 5/5
Using max refinement level: 5/5
Using max refinement level: 5/5
Using max refinement level: 5/5
Using max refinement level: 5/5
Using max refinement level: 5/5
Using max refinement level: 5/5
Using max refinement level: 5/5
Using max refinement level: 5/5
Using max refinement level: 5/5
Using max refinement level: 5/5
Using max refinement level: 5/5
Using max refinement level: 5/5
Using max refinement level: 5/5
Using max refinement level: 5/5
Using max refinement level: 5/5
Using max refinement level: 5/5
Using max refinement level: 5/5
Using max refinement level: 5/5
Using max refinement level: 5/5
Using max refinement level: 5/5
Using max refinement level: 5/5
Using max refinement level: 5/5
Using max refinement level: 5/5
Using max refinement level: 5/5
Using max refinement level: 5/5
Using max refinement level: 5/5
Using max refinement level: 5/5
Using max refinement level: 5/5
Using max refinement level: 5/5
Using max refinement level: 5/5
Using max refinement level: 5/5
Using max refinement level: 5/5
Using max refinement level: 5/5
Using max refinement level: 5/5
Using max refinement level: 5/5
Using max refinement level: 5/5
Using max refinement level: 5/5
Using max refinement level: 5/5
Using max refinement level: 5/5
Using max refinement level: 5/5
Using max refinement level: 5/5
Using max refinement level: 5/5
Using max refinement level: 5/5
Using max refinement level: 5/5
Using max refinement level: 5/5
Using max refinement level: 5/5
Using max refinement level: 5/5
Using max refinement level: 5/5
Using max refinement level: 5/5
Using max refinement level: 5/5
Using max refinement level: 5/5
Using max refinement level: 5/5
Using max refinement level: 5/5
Using max refinement level: 5/5
Using max refinement level: 5/5
Using max refinement level: 5/5
Using max refinement level: 5/5
Using max refinement level: 5/5
Using max refinement level: 5/5
Using max refinement level: 5/5
Using max refinement level: 5/5
Using max refinement level: 5/5
Using max refinement level: 5/5
Using max refinement level: 5/5
Using max refinement level: 5/5
Using max refinement level: 5/5
Using max refinement level: 5/5
Using max refinement level: 5/5
Using max refinement level: 5/5
Using max refinement level: 5/5
Simulation complete:
  Final L2 error: 0.000070
  Total cost: 89504
  Final elements: 36
  Adaptations: 261
  Cost ratio calculation:
    Total cost: 89504
    Initial elements: 128
    Number of timesteps: 3201
    No-AMR baseline cost: 409728
    Cost ratio: 0.2184
Results saved to: analysis/data/model_performance/session3_100k_uniform/baseline_results_conventional-amr_ref5_budget100_max5.csv
Generated 6 baseline data points
Baseline evaluation complete: analysis/data/model_performance/session3_100k_uniform/baseline_results_conventional-amr_ref5_budget100_max5.csv

Baseline evaluation completed with exit code: 0
End Time: Mon Jul 21 21:43:14 MDT 2025
✓ Baseline file created: /bsuhome/antonechacartegu/projects/drl-amr/1D-Wave-AMR/analysis/data/model_performance/session3_100k_uniform/baseline_results_conventional-amr_ref5_budget100_max5.csv
  File contains 7 lines (expected: 7 = header + 6 thresholds)
==================================================
Job completed at Mon Jul 21 21:43:14 MDT 2025
==================================================
