🎯 Single Animation Runner
   Task ID: 39
   Mode: final
   Sweep: session3_100k_uniform
   Jobs file: animation_jobs_final.json
📋 Loaded job definition:
   Job ID: final_optimal_neutral_ref5_budget50_max5
   Model Type: optimal_neutral
   Config ID: ref5_budget50_max5
   Animation Mode: final

🎬 Executing animation...
   Model: final_model.zip
   Config: ref5_budget50_max5
   Mode: final
   Command: python /bsuhome/antonechacartegu/projects/drl-amr/1D-Wave-AMR/analysis/model_performance/single_model_runner_batch.py --model-path /bsuhome/antonechacartegu/projects/drl-amr/1D-Wave-AMR/analysis/data/models/session3_100k_uniform/gamma_50.0_step_0.05_rl_40_budget_40/final_model.zip --plot-mode final --batch-analysis-output --eval-refinement 5 --eval-budget 50 --eval-max-level 5 --initial-refinement 5 --element-budget 50 --max-level 5
✅ Animation completed successfully
   Output: Warning: Initial refinement will create 128 elements but budget is 50
Starting over budget - model can only coarsen or do nothing initially
Final plot saved to /bsuhome/antonechacartegu/projects/drl-amr/1D-Wave-AMR/analysis/data/model_performance/session3_100k_uniform/batch_analysis/ref5_budget50_max5/final_model_g50.0_s0.05_r40_b40_final.png

=== EVALUATION SUMMARY ===
Training Parameters: Training Parameters: $\gamma_c$=50.0, step=0.05, rl_iter=40, budget=40
Model: /bsuhome/antonechacartegu/projects/drl-amr/1D-Wave-AMR/analysis/data/models/session3_100k_uniform/gamma_50.0_step_0.05_rl_40_budget_40/final_model.zip
Final L2 Error: 3.987710e-03
Total Cost: 77376
Final Elements: 29
Total Adaptations: 5445
⚠️  Expected output not found: /bsuhome/antonechacartegu/projects/drl-amr/1D-Wave-AMR/analysis/data/model_performance/session3_100k_uniform/batch_analysis/ref5_budget50_max5/final_optimal_neutral_ref5_budget50_max5.png

🎉 Animation job 39 completed successfully!
Animation job 39 (final mode) completed at Sun Jul 20 10:31:59 MDT 2025
