🎯 Single Animation Runner
   Task ID: 20
   Mode: snapshot
   Sweep: session3_100k_uniform
   Jobs file: animation_jobs_snapshot.json
📋 Loaded job definition:
   Job ID: snapshot_lowest_l2_ref4_budget80_max4
   Model Type: lowest_l2
   Config ID: ref4_budget80_max4
   Animation Mode: snapshot

🎬 Executing animation...
   Model: final_model.zip
   Config: ref4_budget80_max4
   Mode: snapshot
   Command: python /bsuhome/antonechacartegu/projects/drl-amr/1D-Wave-AMR/analysis/model_performance/single_model_runner_batch.py --model-path /bsuhome/antonechacartegu/projects/drl-amr/1D-Wave-AMR/analysis/data/models/session3_100k_uniform/gamma_25.0_step_0.025_rl_10_budget_40/final_model.zip --plot-mode snapshot --batch-analysis-output --eval-refinement 4 --eval-budget 80 --eval-max-level 4 --initial-refinement 4 --element-budget 80 --max-level 4
✅ Animation completed successfully
   Output: Snapshot plot saved to /bsuhome/antonechacartegu/projects/drl-amr/1D-Wave-AMR/analysis/data/model_performance/session3_100k_uniform/batch_analysis/ref4_budget80_max4/final_model_g25.0_s0.025_r10_b40_snapshot.png

=== EVALUATION SUMMARY ===
Training Parameters: Training Parameters: $\gamma_c$=25.0, step=0.025, rl_iter=10, budget=40
Model: /bsuhome/antonechacartegu/projects/drl-amr/1D-Wave-AMR/analysis/data/models/session3_100k_uniform/gamma_25.0_step_0.025_rl_10_budget_40/final_model.zip
Final L2 Error: 2.532734e-05
Total Cost: 80158
Final Elements: 50
Total Adaptations: 17464
⚠️  Expected output not found: /bsuhome/antonechacartegu/projects/drl-amr/1D-Wave-AMR/analysis/data/model_performance/session3_100k_uniform/batch_analysis/ref4_budget80_max4/snapshot_lowest_l2_ref4_budget80_max4.png

🎉 Animation job 20 completed successfully!
Animation job 20 (snapshot mode) completed at Sun Jul 20 10:35:29 MDT 2025
