🎯 Single Animation Runner
   Task ID: 33
   Mode: snapshot
   Sweep: session3_100k_uniform
   Jobs file: animation_jobs_snapshot.json
📋 Loaded job definition:
   Job ID: snapshot_optimal_neutral_ref4_budget100_max4
   Model Type: optimal_neutral
   Config ID: ref4_budget100_max4
   Animation Mode: snapshot

🎬 Executing animation...
   Model: final_model.zip
   Config: ref4_budget100_max4
   Mode: snapshot
   Command: python /bsuhome/antonechacartegu/projects/drl-amr/1D-Wave-AMR/analysis/model_performance/single_model_runner_batch.py --model-path /bsuhome/antonechacartegu/projects/drl-amr/1D-Wave-AMR/analysis/data/models/session3_100k_uniform/gamma_100.0_step_0.1_rl_10_budget_30/final_model.zip --plot-mode snapshot --batch-analysis-output --eval-refinement 4 --eval-budget 100 --eval-max-level 4 --initial-refinement 4 --element-budget 100 --max-level 4
✅ Animation completed successfully
   Output: Snapshot plot saved to /bsuhome/antonechacartegu/projects/drl-amr/1D-Wave-AMR/analysis/data/model_performance/session3_100k_uniform/batch_analysis/ref4_budget100_max4/final_model_g100.0_s0.1_r10_b30_snapshot.png

=== EVALUATION SUMMARY ===
Training Parameters: Training Parameters: $\gamma_c$=100.0, step=0.1, rl_iter=10, budget=30
Model: /bsuhome/antonechacartegu/projects/drl-amr/1D-Wave-AMR/analysis/data/models/session3_100k_uniform/gamma_100.0_step_0.1_rl_10_budget_30/final_model.zip
Final L2 Error: 1.308479e-04
Total Cost: 52974
Final Elements: 33
Total Adaptations: 15253
⚠️  Expected output not found: /bsuhome/antonechacartegu/projects/drl-amr/1D-Wave-AMR/analysis/data/model_performance/session3_100k_uniform/batch_analysis/ref4_budget100_max4/snapshot_optimal_neutral_ref4_budget100_max4.png

🎉 Animation job 33 completed successfully!
Animation job 33 (snapshot mode) completed at Sun Jul 20 10:32:04 MDT 2025
