🎯 Single Animation Runner
   Task ID: 22
   Mode: snapshot
   Sweep: session3_100k_uniform
   Jobs file: animation_jobs_snapshot.json
📋 Loaded job definition:
   Job ID: snapshot_lowest_l2_ref5_budget150_max5
   Model Type: lowest_l2
   Config ID: ref5_budget150_max5
   Animation Mode: snapshot

🎬 Executing animation...
   Model: final_model.zip
   Config: ref5_budget150_max5
   Mode: snapshot
   Command: python /bsuhome/antonechacartegu/projects/drl-amr/1D-Wave-AMR/analysis/model_performance/single_model_runner_batch.py --model-path /bsuhome/antonechacartegu/projects/drl-amr/1D-Wave-AMR/analysis/data/models/session3_100k_uniform/gamma_50.0_step_0.025_rl_10_budget_40/final_model.zip --plot-mode snapshot --batch-analysis-output --eval-refinement 5 --eval-budget 150 --eval-max-level 5 --initial-refinement 5 --element-budget 150 --max-level 5
✅ Animation completed successfully
   Output: Snapshot plot saved to /bsuhome/antonechacartegu/projects/drl-amr/1D-Wave-AMR/analysis/data/model_performance/session3_100k_uniform/batch_analysis/ref5_budget150_max5/final_model_g50.0_s0.025_r10_b40_snapshot.png

=== EVALUATION SUMMARY ===
Training Parameters: Training Parameters: $\gamma_c$=50.0, step=0.025, rl_iter=10, budget=40
Model: /bsuhome/antonechacartegu/projects/drl-amr/1D-Wave-AMR/analysis/data/models/session3_100k_uniform/gamma_50.0_step_0.025_rl_10_budget_40/final_model.zip
Final L2 Error: 4.717476e-06
Total Cost: 256455
Final Elements: 80
Total Adaptations: 42674
⚠️  Expected output not found: /bsuhome/antonechacartegu/projects/drl-amr/1D-Wave-AMR/analysis/data/model_performance/session3_100k_uniform/batch_analysis/ref5_budget150_max5/snapshot_lowest_l2_ref5_budget150_max5.png

🎉 Animation job 22 completed successfully!
Animation job 22 (snapshot mode) completed at Sun Jul 20 11:02:48 MDT 2025
