🎯 Single Animation Runner
   Task ID: 19
   Mode: final
   Sweep: session3_100k_uniform
   Jobs file: animation_jobs_final.json
📋 Loaded job definition:
   Job ID: final_lowest_l2_ref4_budget50_max4
   Model Type: lowest_l2
   Config ID: ref4_budget50_max4
   Animation Mode: final

🎬 Executing animation...
   Model: final_model.zip
   Config: ref4_budget50_max4
   Mode: final
   Command: python /bsuhome/antonechacartegu/projects/drl-amr/1D-Wave-AMR/analysis/model_performance/single_model_runner_batch.py --model-path /bsuhome/antonechacartegu/projects/drl-amr/1D-Wave-AMR/analysis/data/models/session3_100k_uniform/gamma_25.0_step_0.1_rl_40_budget_30/final_model.zip --plot-mode final --batch-analysis-output --eval-refinement 4 --eval-budget 50 --eval-max-level 4 --initial-refinement 4 --element-budget 50 --max-level 4
✅ Animation completed successfully
   Output: Warning: Initial refinement will create 64 elements but budget is 50
Starting over budget - model can only coarsen or do nothing initially
Final plot saved to /bsuhome/antonechacartegu/projects/drl-amr/1D-Wave-AMR/analysis/data/model_performance/session3_100k_uniform/batch_analysis/ref4_budget50_max4/final_model_g25.0_s0.1_r40_b30_final.png

=== EVALUATION SUMMARY ===
Training Parameters: Training Parameters: $\gamma_c$=25.0, step=0.1, rl_iter=40, budget=30
Model: /bsuhome/antonechacartegu/projects/drl-amr/1D-Wave-AMR/analysis/data/models/session3_100k_uniform/gamma_25.0_step_0.1_rl_40_budget_30/final_model.zip
Final L2 Error: 3.420199e-04
Total Cost: 45577
Final Elements: 29
Total Adaptations: 13725
⚠️  Expected output not found: /bsuhome/antonechacartegu/projects/drl-amr/1D-Wave-AMR/analysis/data/model_performance/session3_100k_uniform/batch_analysis/ref4_budget50_max4/final_lowest_l2_ref4_budget50_max4.png

🎉 Animation job 19 completed successfully!
Animation job 19 (final mode) completed at Sun Jul 20 10:32:36 MDT 2025
