🎯 Single Animation Runner
   Task ID: 35
   Mode: final
   Sweep: session3_100k_uniform
   Jobs file: animation_jobs_final.json
📋 Loaded job definition:
   Job ID: final_optimal_neutral_ref4_budget50_max4
   Model Type: optimal_neutral
   Config ID: ref4_budget50_max4
   Animation Mode: final

🎬 Executing animation...
   Model: final_model.zip
   Config: ref4_budget50_max4
   Mode: final
   Command: python /bsuhome/antonechacartegu/projects/drl-amr/1D-Wave-AMR/analysis/model_performance/single_model_runner_batch.py --model-path /bsuhome/antonechacartegu/projects/drl-amr/1D-Wave-AMR/analysis/data/models/session3_100k_uniform/gamma_50.0_step_0.05_rl_10_budget_25/final_model.zip --plot-mode final --batch-analysis-output --eval-refinement 4 --eval-budget 50 --eval-max-level 4 --initial-refinement 4 --element-budget 50 --max-level 4
✅ Animation completed successfully
   Output: Warning: Initial refinement will create 64 elements but budget is 50
Starting over budget - model can only coarsen or do nothing initially
Final plot saved to /bsuhome/antonechacartegu/projects/drl-amr/1D-Wave-AMR/analysis/data/model_performance/session3_100k_uniform/batch_analysis/ref4_budget50_max4/final_model_g50.0_s0.05_r10_b25_final.png

=== EVALUATION SUMMARY ===
Training Parameters: Training Parameters: $\gamma_c$=50.0, step=0.05, rl_iter=10, budget=25
Model: /bsuhome/antonechacartegu/projects/drl-amr/1D-Wave-AMR/analysis/data/models/session3_100k_uniform/gamma_50.0_step_0.05_rl_10_budget_25/final_model.zip
Final L2 Error: 3.336839e-04
Total Cost: 31011
Final Elements: 21
Total Adaptations: 969
⚠️  Expected output not found: /bsuhome/antonechacartegu/projects/drl-amr/1D-Wave-AMR/analysis/data/model_performance/session3_100k_uniform/batch_analysis/ref4_budget50_max4/final_optimal_neutral_ref4_budget50_max4.png

🎉 Animation job 35 completed successfully!
Animation job 35 (final mode) completed at Sun Jul 20 10:29:52 MDT 2025
