🎯 Single Animation Runner
   Task ID: 18
   Mode: snapshot
   Sweep: session3_100k_uniform
   Jobs file: animation_jobs_snapshot.json
📋 Loaded job definition:
   Job ID: snapshot_lowest_l2_ref4_budget150_max4
   Model Type: lowest_l2
   Config ID: ref4_budget150_max4
   Animation Mode: snapshot

🎬 Executing animation...
   Model: final_model.zip
   Config: ref4_budget150_max4
   Mode: snapshot
   Command: python /bsuhome/antonechacartegu/projects/drl-amr/1D-Wave-AMR/analysis/model_performance/single_model_runner_batch.py --model-path /bsuhome/antonechacartegu/projects/drl-amr/1D-Wave-AMR/analysis/data/models/session3_100k_uniform/gamma_100.0_step_0.05_rl_25_budget_25/final_model.zip --plot-mode snapshot --batch-analysis-output --eval-refinement 4 --eval-budget 150 --eval-max-level 4 --initial-refinement 4 --element-budget 150 --max-level 4
✅ Animation completed successfully
   Output: Snapshot plot saved to /bsuhome/antonechacartegu/projects/drl-amr/1D-Wave-AMR/analysis/data/model_performance/session3_100k_uniform/batch_analysis/ref4_budget150_max4/final_model_g100.0_s0.05_r25_b25_snapshot.png

=== EVALUATION SUMMARY ===
Training Parameters: Training Parameters: $\gamma_c$=100.0, step=0.05, rl_iter=25, budget=25
Model: /bsuhome/antonechacartegu/projects/drl-amr/1D-Wave-AMR/analysis/data/models/session3_100k_uniform/gamma_100.0_step_0.05_rl_25_budget_25/final_model.zip
Final L2 Error: 1.427963e-05
Total Cost: 102528
Final Elements: 64
Total Adaptations: 0
⚠️  Expected output not found: /bsuhome/antonechacartegu/projects/drl-amr/1D-Wave-AMR/analysis/data/model_performance/session3_100k_uniform/batch_analysis/ref4_budget150_max4/snapshot_lowest_l2_ref4_budget150_max4.png

🎉 Animation job 18 completed successfully!
Animation job 18 (snapshot mode) completed at Sun Jul 20 10:29:30 MDT 2025
