🎯 Single Animation Runner
   Task ID: 37
   Mode: snapshot
   Sweep: session3_100k_uniform
   Jobs file: animation_jobs_snapshot.json
📋 Loaded job definition:
   Job ID: snapshot_optimal_neutral_ref5_budget100_max5
   Model Type: optimal_neutral
   Config ID: ref5_budget100_max5
   Animation Mode: snapshot

🎬 Executing animation...
   Model: final_model.zip
   Config: ref5_budget100_max5
   Mode: snapshot
   Command: python /bsuhome/antonechacartegu/projects/drl-amr/1D-Wave-AMR/analysis/model_performance/single_model_runner_batch.py --model-path /bsuhome/antonechacartegu/projects/drl-amr/1D-Wave-AMR/analysis/data/models/session3_100k_uniform/gamma_50.0_step_0.1_rl_25_budget_30/final_model.zip --plot-mode snapshot --batch-analysis-output --eval-refinement 5 --eval-budget 100 --eval-max-level 5 --initial-refinement 5 --element-budget 100 --max-level 5
✅ Animation completed successfully
   Output: Warning: Initial refinement will create 128 elements but budget is 100
Starting over budget - model can only coarsen or do nothing initially
Snapshot plot saved to /bsuhome/antonechacartegu/projects/drl-amr/1D-Wave-AMR/analysis/data/model_performance/session3_100k_uniform/batch_analysis/ref5_budget100_max5/final_model_g50.0_s0.1_r25_b30_snapshot.png

=== EVALUATION SUMMARY ===
Training Parameters: Training Parameters: $\gamma_c$=50.0, step=0.1, rl_iter=25, budget=30
Model: /bsuhome/antonechacartegu/projects/drl-amr/1D-Wave-AMR/analysis/data/models/session3_100k_uniform/gamma_50.0_step_0.1_rl_25_budget_30/final_model.zip
Final L2 Error: 1.873101e-04
Total Cost: 114104
Final Elements: 38
Total Adaptations: 17770
⚠️  Expected output not found: /bsuhome/antonechacartegu/projects/drl-amr/1D-Wave-AMR/analysis/data/model_performance/session3_100k_uniform/batch_analysis/ref5_budget100_max5/snapshot_optimal_neutral_ref5_budget100_max5.png

🎉 Animation job 37 completed successfully!
Animation job 37 (snapshot mode) completed at Sun Jul 20 10:34:21 MDT 2025
