🎯 Single Animation Runner
   Task ID: 45
   Mode: snapshot
   Sweep: session3_100k_uniform
   Jobs file: animation_jobs_snapshot.json
📋 Loaded job definition:
   Job ID: snapshot_optimal_neutral_ref7_budget100_max7
   Model Type: optimal_neutral
   Config ID: ref7_budget100_max7
   Animation Mode: snapshot

🎬 Executing animation...
   Model: final_model.zip
   Config: ref7_budget100_max7
   Mode: snapshot
   Command: python /bsuhome/antonechacartegu/projects/drl-amr/1D-Wave-AMR/analysis/model_performance/single_model_runner_batch.py --model-path /bsuhome/antonechacartegu/projects/drl-amr/1D-Wave-AMR/analysis/data/models/session3_100k_uniform/gamma_50.0_step_0.05_rl_10_budget_25/final_model.zip --plot-mode snapshot --batch-analysis-output --eval-refinement 7 --eval-budget 100 --eval-max-level 7 --initial-refinement 7 --element-budget 100 --max-level 7
✅ Animation completed successfully
   Output: Warning: Initial refinement will create 512 elements but budget is 100
Starting over budget - model can only coarsen or do nothing initially
Snapshot plot saved to /bsuhome/antonechacartegu/projects/drl-amr/1D-Wave-AMR/analysis/data/model_performance/session3_100k_uniform/batch_analysis/ref7_budget100_max7/final_model_g50.0_s0.05_r10_b25_snapshot.png

=== EVALUATION SUMMARY ===
Training Parameters: Training Parameters: $\gamma_c$=50.0, step=0.05, rl_iter=10, budget=25
Model: /bsuhome/antonechacartegu/projects/drl-amr/1D-Wave-AMR/analysis/data/models/session3_100k_uniform/gamma_50.0_step_0.05_rl_10_budget_25/final_model.zip
Final L2 Error: 1.985254e-02
Total Cost: 750377
Final Elements: 70
Total Adaptations: 4412
⚠️  Expected output not found: /bsuhome/antonechacartegu/projects/drl-amr/1D-Wave-AMR/analysis/data/model_performance/session3_100k_uniform/batch_analysis/ref7_budget100_max7/snapshot_optimal_neutral_ref7_budget100_max7.png

🎉 Animation job 45 completed successfully!
Animation job 45 (snapshot mode) completed at Sun Jul 20 11:01:40 MDT 2025
