🎯 Single Animation Runner
   Task ID: 38
   Mode: snapshot
   Sweep: session3_100k_uniform
   Jobs file: animation_jobs_snapshot.json
📋 Loaded job definition:
   Job ID: snapshot_optimal_neutral_ref5_budget150_max5
   Model Type: optimal_neutral
   Config ID: ref5_budget150_max5
   Animation Mode: snapshot

🎬 Executing animation...
   Model: final_model.zip
   Config: ref5_budget150_max5
   Mode: snapshot
   Command: python /bsuhome/antonechacartegu/projects/drl-amr/1D-Wave-AMR/analysis/model_performance/single_model_runner_batch.py --model-path /bsuhome/antonechacartegu/projects/drl-amr/1D-Wave-AMR/analysis/data/models/session3_100k_uniform/gamma_50.0_step_0.1_rl_25_budget_30/final_model.zip --plot-mode snapshot --batch-analysis-output --eval-refinement 5 --eval-budget 150 --eval-max-level 5 --initial-refinement 5 --element-budget 150 --max-level 5
✅ Animation completed successfully
   Output: Snapshot plot saved to /bsuhome/antonechacartegu/projects/drl-amr/1D-Wave-AMR/analysis/data/model_performance/session3_100k_uniform/batch_analysis/ref5_budget150_max5/final_model_g50.0_s0.1_r25_b30_snapshot.png

=== EVALUATION SUMMARY ===
Training Parameters: Training Parameters: $\gamma_c$=50.0, step=0.1, rl_iter=25, budget=30
Model: /bsuhome/antonechacartegu/projects/drl-amr/1D-Wave-AMR/analysis/data/models/session3_100k_uniform/gamma_50.0_step_0.1_rl_25_budget_30/final_model.zip
Final L2 Error: 1.445729e-05
Total Cost: 186638
Final Elements: 58
Total Adaptations: 42984
⚠️  Expected output not found: /bsuhome/antonechacartegu/projects/drl-amr/1D-Wave-AMR/analysis/data/model_performance/session3_100k_uniform/batch_analysis/ref5_budget150_max5/snapshot_optimal_neutral_ref5_budget150_max5.png

🎉 Animation job 38 completed successfully!
Animation job 38 (snapshot mode) completed at Sun Jul 20 10:47:35 MDT 2025
