🎯 Single Animation Runner
   Task ID: 3
   Mode: snapshot
   Sweep: session3_100k_uniform
   Jobs file: animation_jobs_snapshot.json
📋 Loaded job definition:
   Job ID: snapshot_lowest_cost_ref4_budget50_max4
   Model Type: lowest_cost
   Config ID: ref4_budget50_max4
   Animation Mode: snapshot

🎬 Executing animation...
   Model: final_model.zip
   Config: ref4_budget50_max4
   Mode: snapshot
   Command: python /bsuhome/antonechacartegu/projects/drl-amr/1D-Wave-AMR/analysis/model_performance/single_model_runner_batch.py --model-path /bsuhome/antonechacartegu/projects/drl-amr/1D-Wave-AMR/analysis/data/models/session3_100k_uniform/gamma_100.0_step_0.1_rl_10_budget_25/final_model.zip --plot-mode snapshot --batch-analysis-output --eval-refinement 4 --eval-budget 50 --eval-max-level 4 --initial-refinement 4 --element-budget 50 --max-level 4
✅ Animation completed successfully
   Output: Warning: Initial refinement will create 64 elements but budget is 50
Starting over budget - model can only coarsen or do nothing initially
Snapshot plot saved to /bsuhome/antonechacartegu/projects/drl-amr/1D-Wave-AMR/analysis/data/model_performance/session3_100k_uniform/batch_analysis/ref4_budget50_max4/final_model_g100.0_s0.1_r10_b25_snapshot.png

=== EVALUATION SUMMARY ===
Training Parameters: Training Parameters: $\gamma_c$=100.0, step=0.1, rl_iter=10, budget=25
Model: /bsuhome/antonechacartegu/projects/drl-amr/1D-Wave-AMR/analysis/data/models/session3_100k_uniform/gamma_100.0_step_0.1_rl_10_budget_25/final_model.zip
Final L2 Error: 4.435942e-03
Total Cost: 22448
Final Elements: 17
Total Adaptations: 1007
⚠️  Expected output not found: /bsuhome/antonechacartegu/projects/drl-amr/1D-Wave-AMR/analysis/data/model_performance/session3_100k_uniform/batch_analysis/ref4_budget50_max4/snapshot_lowest_cost_ref4_budget50_max4.png

🎉 Animation job 3 completed successfully!
Animation job 3 (snapshot mode) completed at Sun Jul 20 10:28:36 MDT 2025
