🎯 Single Animation Runner
   Task ID: 16
   Mode: snapshot
   Sweep: session3_100k_uniform
   Jobs file: animation_jobs_snapshot.json
📋 Loaded job definition:
   Job ID: snapshot_lowest_cost_ref7_budget80_max7
   Model Type: lowest_cost
   Config ID: ref7_budget80_max7
   Animation Mode: snapshot

🎬 Executing animation...
   Model: final_model.zip
   Config: ref7_budget80_max7
   Mode: snapshot
   Command: python /bsuhome/antonechacartegu/projects/drl-amr/1D-Wave-AMR/analysis/model_performance/single_model_runner_batch.py --model-path /bsuhome/antonechacartegu/projects/drl-amr/1D-Wave-AMR/analysis/data/models/session3_100k_uniform/gamma_100.0_step_0.1_rl_25_budget_30/final_model.zip --plot-mode snapshot --batch-analysis-output --eval-refinement 7 --eval-budget 80 --eval-max-level 7 --initial-refinement 7 --element-budget 80 --max-level 7
✅ Animation completed successfully
   Output: Warning: Initial refinement will create 512 elements but budget is 80
Starting over budget - model can only coarsen or do nothing initially
Snapshot plot saved to /bsuhome/antonechacartegu/projects/drl-amr/1D-Wave-AMR/analysis/data/model_performance/session3_100k_uniform/batch_analysis/ref7_budget80_max7/final_model_g100.0_s0.1_r25_b30_snapshot.png

=== EVALUATION SUMMARY ===
Training Parameters: Training Parameters: $\gamma_c$=100.0, step=0.1, rl_iter=25, budget=30
Model: /bsuhome/antonechacartegu/projects/drl-amr/1D-Wave-AMR/analysis/data/models/session3_100k_uniform/gamma_100.0_step_0.1_rl_25_budget_30/final_model.zip
Final L2 Error: 1.186898e-01
Total Cost: 378679
Final Elements: 39
Total Adaptations: 161187
⚠️  Expected output not found: /bsuhome/antonechacartegu/projects/drl-amr/1D-Wave-AMR/analysis/data/model_performance/session3_100k_uniform/batch_analysis/ref7_budget80_max7/snapshot_lowest_cost_ref7_budget80_max7.png

🎉 Animation job 16 completed successfully!
Animation job 16 (snapshot mode) completed at Sun Jul 20 11:19:42 MDT 2025
